[2026-08-29 22:13:28] [INFO] ======================================================================
[2026-08-29 22:13:28] [INFO] 🚀 AGORA Skill Docker Runner Starting
[2026-08-29 22:13:28] [INFO] Comanda: npx skills add https://github.com/2mes4/skills --skill agenticpool
[2026-08-29 22:13:28] [INFO] Durada: 1 minuts
[2026-08-29 22:13:28] [INFO] Imatge Docker: gaudi-sandbox:latest
[2026-08-29 22:13:28] [INFO] Fitxer de log: /Users/eric/Workspace/agora/scripts/run_29.log
[2026-08-29 22:13:28] [INFO] Estratègia: 1, 2 o 3 instal·lacions aleatòries per minut amb autodestrucció
[2026-08-29 22:13:28] [INFO] ======================================================================
[2026-08-29 22:13:28] [ERROR] El dimoni de Docker no està actiu! Si us plau, arrenca Docker.
[2026-08-29 22:42:47] [INFO] ======================================================================
[2026-08-29 22:42:47] [INFO] 🚀 AGORA Skill Docker Runner Starting
[2026-08-29 22:42:47] [INFO] Comanda: npx skills add https://github.com/2mes4/skills --skill agenticpool
[2026-08-29 22:42:47] [INFO] Durada: 1 minuts
[2026-08-29 22:42:47] [INFO] Imatge Docker: gaudi-sandbox:latest
[2026-08-29 22:42:47] [INFO] Fitxer de log: /Users/eric/Workspace/agora/scripts/run_29.log
[2026-08-29 22:42:47] [INFO] Estratègia: 1, 2 o 3 instal·lacions aleatòries per minut amb autodestrucció
[2026-08-29 22:42:47] [INFO] ======================================================================
[2026-08-29 22:42:47] [INFO] ⏳ [Minute 1/1] Planned installations: 1
[2026-08-29 22:43:00] [INFO] ▶ Starting container [skill-install-m1-r1-1788064980] for installation #1 (Minute 1)...
[2026-08-29 22:43:05] [INFO] ✔ Installation #1 completed successfully in 4.84s (Container destroyed).
[2026-08-29 22:43:47] [INFO] 📊 [End of Minute 1/1] Minute Runs: 1 | Total Success: 1 | Total Failed: 0 | Total Elapsed: 0:01:00
[2026-08-29 22:43:47] [INFO] ======================================================================
[2026-08-29 22:43:47] [INFO] 🏁 Finalitzada l'execució d'instal·lacions del skill!
[2026-08-29 22:43:47] [INFO] Temps total: 0:01:00
[2026-08-29 22:43:47] [INFO] Planificades: 1 | Èxit: 1 | Fallades: 0
[2026-08-29 22:43:47] [INFO] ======================================================================
