[2026-08-29 22:13:28] [INFO] ======================================================================
[2026-08-29 22:13:28] [INFO] 🚀 AGORA Skill Docker Runner Starting
[2026-08-29 22:13:28] [INFO] Comanda: npx skills add https://github.com/2mes4/skills --skill agenticpool
[2026-08-29 22:13:28] [INFO] Durada: 1 minuts
[2026-08-29 22:13:28] [INFO] Imatge Docker: gaudi-sandbox:latest
[2026-08-29 22:13:28] [INFO] Fitxer de log: /Users/eric/Workspace/agora/scripts/run_28.log
[2026-08-29 22:13:28] [INFO] Estratègia: 1, 2 o 3 instal·lacions aleatòries per minut amb autodestrucció
[2026-08-29 22:13:28] [INFO] ======================================================================
[2026-08-29 22:13:28] [ERROR] El dimoni de Docker no està actiu! Si us plau, arrenca Docker.
[2026-08-29 22:41:46] [INFO] ======================================================================
[2026-08-29 22:41:46] [INFO] 🚀 AGORA Skill Docker Runner Starting
[2026-08-29 22:41:46] [INFO] Comanda: npx skills add https://github.com/2mes4/skills --skill agenticpool
[2026-08-29 22:41:46] [INFO] Durada: 1 minuts
[2026-08-29 22:41:46] [INFO] Imatge Docker: gaudi-sandbox:latest
[2026-08-29 22:41:46] [INFO] Fitxer de log: /Users/eric/Workspace/agora/scripts/run_28.log
[2026-08-29 22:41:46] [INFO] Estratègia: 1, 2 o 3 instal·lacions aleatòries per minut amb autodestrucció
[2026-08-29 22:41:46] [INFO] ======================================================================
[2026-08-29 22:41:46] [INFO] ⏳ [Minute 1/1] Planned installations: 3
[2026-08-29 22:41:50] [INFO] ▶ Starting container [skill-install-m1-r1-1788064910] for installation #1 (Minute 1)...
[2026-08-29 22:41:53] [INFO] ✔ Installation #1 completed successfully in 3.50s (Container destroyed).
[2026-08-29 22:42:11] [INFO] ▶ Starting container [skill-install-m1-r2-1788064931] for installation #2 (Minute 1)...
[2026-08-29 22:42:14] [INFO] ✔ Installation #2 completed successfully in 3.34s (Container destroyed).
[2026-08-29 22:42:28] [INFO] ▶ Starting container [skill-install-m1-r3-1788064948] for installation #3 (Minute 1)...
[2026-08-29 22:42:31] [INFO] ✔ Installation #3 completed successfully in 3.40s (Container destroyed).
[2026-08-29 22:42:46] [INFO] 📊 [End of Minute 1/1] Minute Runs: 3 | Total Success: 3 | Total Failed: 0 | Total Elapsed: 0:01:00
[2026-08-29 22:42:46] [INFO] ======================================================================
[2026-08-29 22:42:46] [INFO] 🏁 Finalitzada l'execució d'instal·lacions del skill!
[2026-08-29 22:42:46] [INFO] Temps total: 0:01:00
[2026-08-29 22:42:46] [INFO] Planificades: 3 | Èxit: 3 | Fallades: 0
[2026-08-29 22:42:46] [INFO] ======================================================================
