[2026-08-29 22:13:28] [INFO] ======================================================================
[2026-08-29 22:13:28] [INFO] 🚀 AGORA Skill Docker Runner Starting
[2026-08-29 22:13:28] [INFO] Comanda: npx skills add https://github.com/2mes4/skills --skill agenticpool
[2026-08-29 22:13:28] [INFO] Durada: 1 minuts
[2026-08-29 22:13:28] [INFO] Imatge Docker: gaudi-sandbox:latest
[2026-08-29 22:13:28] [INFO] Fitxer de log: /Users/eric/Workspace/agora/scripts/run_26.log
[2026-08-29 22:13:28] [INFO] Estratègia: 1, 2 o 3 instal·lacions aleatòries per minut amb autodestrucció
[2026-08-29 22:13:28] [INFO] ======================================================================
[2026-08-29 22:13:28] [ERROR] El dimoni de Docker no està actiu! Si us plau, arrenca Docker.
[2026-08-29 22:39:18] [INFO] ======================================================================
[2026-08-29 22:39:18] [INFO] 🚀 AGORA Skill Docker Runner Starting
[2026-08-29 22:39:18] [INFO] Comanda: npx skills add https://github.com/2mes4/skills --skill agenticpool
[2026-08-29 22:39:18] [INFO] Durada: 1 minuts
[2026-08-29 22:39:18] [INFO] Imatge Docker: gaudi-sandbox:latest
[2026-08-29 22:39:18] [INFO] Fitxer de log: /Users/eric/Workspace/agora/scripts/run_26.log
[2026-08-29 22:39:18] [INFO] Estratègia: 1, 2 o 3 instal·lacions aleatòries per minut amb autodestrucció
[2026-08-29 22:39:18] [INFO] ======================================================================
[2026-08-29 22:39:18] [INFO] ⏳ [Minute 1/1] Planned installations: 2
[2026-08-29 22:39:32] [INFO] ▶ Starting container [skill-install-m1-r1-1788064772] for installation #1 (Minute 1)...
[2026-08-29 22:40:42] [INFO] ✔ Installation #1 completed successfully in 69.92s (Container destroyed).
[2026-08-29 22:40:42] [INFO] ▶ Starting container [skill-install-m1-r2-1788064842] for installation #2 (Minute 1)...
[2026-08-29 22:40:46] [INFO] ✔ Installation #2 completed successfully in 3.52s (Container destroyed).
[2026-08-29 22:40:46] [INFO] 📊 [End of Minute 1/1] Minute Runs: 2 | Total Success: 2 | Total Failed: 0 | Total Elapsed: 0:01:27
[2026-08-29 22:40:46] [INFO] ======================================================================
[2026-08-29 22:40:46] [INFO] 🏁 Finalitzada l'execució d'instal·lacions del skill!
[2026-08-29 22:40:46] [INFO] Temps total: 0:01:27
[2026-08-29 22:40:46] [INFO] Planificades: 2 | Èxit: 2 | Fallades: 0
[2026-08-29 22:40:46] [INFO] ======================================================================
