[2026-08-29 22:13:26] [INFO] ======================================================================
[2026-08-29 22:13:26] [INFO] 🚀 AGORA Skill Docker Runner Starting
[2026-08-29 22:13:26] [INFO] Comanda: npx skills add https://github.com/2mes4/skills --skill agenticpool
[2026-08-29 22:13:26] [INFO] Durada: 1 minuts
[2026-08-29 22:13:26] [INFO] Imatge Docker: gaudi-sandbox:latest
[2026-08-29 22:13:26] [INFO] Fitxer de log: /Users/eric/Workspace/agora/scripts/run_15.log
[2026-08-29 22:13:26] [INFO] Estratègia: 1, 2 o 3 instal·lacions aleatòries per minut amb autodestrucció
[2026-08-29 22:13:26] [INFO] ======================================================================
[2026-08-29 22:13:26] [ERROR] El dimoni de Docker no està actiu! Si us plau, arrenca Docker.
[2026-08-29 22:28:14] [INFO] ======================================================================
[2026-08-29 22:28:14] [INFO] 🚀 AGORA Skill Docker Runner Starting
[2026-08-29 22:28:14] [INFO] Comanda: npx skills add https://github.com/2mes4/skills --skill agenticpool
[2026-08-29 22:28:14] [INFO] Durada: 1 minuts
[2026-08-29 22:28:14] [INFO] Imatge Docker: gaudi-sandbox:latest
[2026-08-29 22:28:14] [INFO] Fitxer de log: /Users/eric/Workspace/agora/scripts/run_15.log
[2026-08-29 22:28:14] [INFO] Estratègia: 1, 2 o 3 instal·lacions aleatòries per minut amb autodestrucció
[2026-08-29 22:28:14] [INFO] ======================================================================
[2026-08-29 22:28:14] [INFO] ⏳ [Minute 1/1] Planned installations: 1
[2026-08-29 22:28:31] [INFO] ▶ Starting container [skill-install-m1-r1-1788064111] for installation #1 (Minute 1)...
[2026-08-29 22:28:35] [INFO] ✔ Installation #1 completed successfully in 3.93s (Container destroyed).
[2026-08-29 22:29:14] [INFO] 📊 [End of Minute 1/1] Minute Runs: 1 | Total Success: 1 | Total Failed: 0 | Total Elapsed: 0:01:00
[2026-08-29 22:29:14] [INFO] ======================================================================
[2026-08-29 22:29:14] [INFO] 🏁 Finalitzada l'execució d'instal·lacions del skill!
[2026-08-29 22:29:14] [INFO] Temps total: 0:01:00
[2026-08-29 22:29:14] [INFO] Planificades: 1 | Èxit: 1 | Fallades: 0
[2026-08-29 22:29:14] [INFO] ======================================================================
