[2026-08-29 22:13:25] [INFO] ======================================================================
[2026-08-29 22:13:25] [INFO] 🚀 AGORA Skill Docker Runner Starting
[2026-08-29 22:13:25] [INFO] Comanda: npx skills add https://github.com/2mes4/skills --skill agenticpool
[2026-08-29 22:13:25] [INFO] Durada: 1 minuts
[2026-08-29 22:13:25] [INFO] Imatge Docker: gaudi-sandbox:latest
[2026-08-29 22:13:25] [INFO] Fitxer de log: /Users/eric/Workspace/agora/scripts/run_8.log
[2026-08-29 22:13:25] [INFO] Estratègia: 1, 2 o 3 instal·lacions aleatòries per minut amb autodestrucció
[2026-08-29 22:13:25] [INFO] ======================================================================
[2026-08-29 22:13:25] [ERROR] El dimoni de Docker no està actiu! Si us plau, arrenca Docker.
[2026-08-29 22:21:00] [INFO] ======================================================================
[2026-08-29 22:21:00] [INFO] 🚀 AGORA Skill Docker Runner Starting
[2026-08-29 22:21:00] [INFO] Comanda: npx skills add https://github.com/2mes4/skills --skill agenticpool
[2026-08-29 22:21:00] [INFO] Durada: 1 minuts
[2026-08-29 22:21:00] [INFO] Imatge Docker: gaudi-sandbox:latest
[2026-08-29 22:21:00] [INFO] Fitxer de log: /Users/eric/Workspace/agora/scripts/run_8.log
[2026-08-29 22:21:00] [INFO] Estratègia: 1, 2 o 3 instal·lacions aleatòries per minut amb autodestrucció
[2026-08-29 22:21:00] [INFO] ======================================================================
[2026-08-29 22:21:00] [INFO] ⏳ [Minute 1/1] Planned installations: 3
[2026-08-29 22:21:02] [INFO] ▶ Starting container [skill-install-m1-r1-1788063662] for installation #1 (Minute 1)...
[2026-08-29 22:21:06] [INFO] ✔ Installation #1 completed successfully in 3.76s (Container destroyed).
[2026-08-29 22:21:25] [INFO] ▶ Starting container [skill-install-m1-r2-1788063685] for installation #2 (Minute 1)...
[2026-08-29 22:21:29] [INFO] ✔ Installation #2 completed successfully in 4.25s (Container destroyed).
[2026-08-29 22:21:42] [INFO] ▶ Starting container [skill-install-m1-r3-1788063702] for installation #3 (Minute 1)...
[2026-08-29 22:21:46] [INFO] ✔ Installation #3 completed successfully in 3.48s (Container destroyed).
[2026-08-29 22:22:00] [INFO] 📊 [End of Minute 1/1] Minute Runs: 3 | Total Success: 3 | Total Failed: 0 | Total Elapsed: 0:01:00
[2026-08-29 22:22:00] [INFO] ======================================================================
[2026-08-29 22:22:00] [INFO] 🏁 Finalitzada l'execució d'instal·lacions del skill!
[2026-08-29 22:22:00] [INFO] Temps total: 0:01:00
[2026-08-29 22:22:00] [INFO] Planificades: 3 | Èxit: 3 | Fallades: 0
[2026-08-29 22:22:00] [INFO] ======================================================================
