[2026-08-29 22:13:26] [INFO] ======================================================================
[2026-08-29 22:13:26] [INFO] 🚀 AGORA Skill Docker Runner Starting
[2026-08-29 22:13:26] [INFO] Comanda: npx skills add https://github.com/2mes4/skills --skill agenticpool
[2026-08-29 22:13:26] [INFO] Durada: 1 minuts
[2026-08-29 22:13:26] [INFO] Imatge Docker: gaudi-sandbox:latest
[2026-08-29 22:13:26] [INFO] Fitxer de log: /Users/eric/Workspace/agora/scripts/run_18.log
[2026-08-29 22:13:26] [INFO] Estratègia: 1, 2 o 3 instal·lacions aleatòries per minut amb autodestrucció
[2026-08-29 22:13:26] [INFO] ======================================================================
[2026-08-29 22:13:27] [ERROR] El dimoni de Docker no està actiu! Si us plau, arrenca Docker.
[2026-08-29 22:31:15] [INFO] ======================================================================
[2026-08-29 22:31:15] [INFO] 🚀 AGORA Skill Docker Runner Starting
[2026-08-29 22:31:15] [INFO] Comanda: npx skills add https://github.com/2mes4/skills --skill agenticpool
[2026-08-29 22:31:15] [INFO] Durada: 1 minuts
[2026-08-29 22:31:15] [INFO] Imatge Docker: gaudi-sandbox:latest
[2026-08-29 22:31:15] [INFO] Fitxer de log: /Users/eric/Workspace/agora/scripts/run_18.log
[2026-08-29 22:31:15] [INFO] Estratègia: 1, 2 o 3 instal·lacions aleatòries per minut amb autodestrucció
[2026-08-29 22:31:15] [INFO] ======================================================================
[2026-08-29 22:31:15] [INFO] ⏳ [Minute 1/1] Planned installations: 3
[2026-08-29 22:31:18] [INFO] ▶ Starting container [skill-install-m1-r1-1788064278] for installation #1 (Minute 1)...
[2026-08-29 22:31:22] [INFO] ✔ Installation #1 completed successfully in 3.71s (Container destroyed).
[2026-08-29 22:31:39] [INFO] ▶ Starting container [skill-install-m1-r2-1788064299] for installation #2 (Minute 1)...
[2026-08-29 22:31:43] [INFO] ✔ Installation #2 completed successfully in 3.79s (Container destroyed).
[2026-08-29 22:32:00] [INFO] ▶ Starting container [skill-install-m1-r3-1788064320] for installation #3 (Minute 1)...
[2026-08-29 22:32:03] [INFO] ✔ Installation #3 completed successfully in 3.45s (Container destroyed).
[2026-08-29 22:32:15] [INFO] 📊 [End of Minute 1/1] Minute Runs: 3 | Total Success: 3 | Total Failed: 0 | Total Elapsed: 0:01:00
[2026-08-29 22:32:15] [INFO] ======================================================================
[2026-08-29 22:32:15] [INFO] 🏁 Finalitzada l'execució d'instal·lacions del skill!
[2026-08-29 22:32:15] [INFO] Temps total: 0:01:00
[2026-08-29 22:32:15] [INFO] Planificades: 3 | Èxit: 3 | Fallades: 0
[2026-08-29 22:32:15] [INFO] ======================================================================
