[2026-08-29 22:13:27] [INFO] ======================================================================
[2026-08-29 22:13:27] [INFO] 🚀 AGORA Skill Docker Runner Starting
[2026-08-29 22:13:27] [INFO] Comanda: npx skills add https://github.com/2mes4/skills --skill agenticpool
[2026-08-29 22:13:27] [INFO] Durada: 1 minuts
[2026-08-29 22:13:27] [INFO] Imatge Docker: gaudi-sandbox:latest
[2026-08-29 22:13:27] [INFO] Fitxer de log: /Users/eric/Workspace/agora/scripts/run_22.log
[2026-08-29 22:13:27] [INFO] Estratègia: 1, 2 o 3 instal·lacions aleatòries per minut amb autodestrucció
[2026-08-29 22:13:27] [INFO] ======================================================================
[2026-08-29 22:13:27] [ERROR] El dimoni de Docker no està actiu! Si us plau, arrenca Docker.
[2026-08-29 22:35:16] [INFO] ======================================================================
[2026-08-29 22:35:16] [INFO] 🚀 AGORA Skill Docker Runner Starting
[2026-08-29 22:35:16] [INFO] Comanda: npx skills add https://github.com/2mes4/skills --skill agenticpool
[2026-08-29 22:35:16] [INFO] Durada: 1 minuts
[2026-08-29 22:35:16] [INFO] Imatge Docker: gaudi-sandbox:latest
[2026-08-29 22:35:16] [INFO] Fitxer de log: /Users/eric/Workspace/agora/scripts/run_22.log
[2026-08-29 22:35:16] [INFO] Estratègia: 1, 2 o 3 instal·lacions aleatòries per minut amb autodestrucció
[2026-08-29 22:35:16] [INFO] ======================================================================
[2026-08-29 22:35:17] [INFO] ⏳ [Minute 1/1] Planned installations: 3
[2026-08-29 22:35:22] [INFO] ▶ Starting container [skill-install-m1-r1-1788064522] for installation #1 (Minute 1)...
[2026-08-29 22:35:26] [INFO] ✔ Installation #1 completed successfully in 4.00s (Container destroyed).
[2026-08-29 22:35:40] [INFO] ▶ Starting container [skill-install-m1-r2-1788064540] for installation #2 (Minute 1)...
[2026-08-29 22:35:52] [INFO] ✔ Installation #2 completed successfully in 12.73s (Container destroyed).
[2026-08-29 22:35:59] [INFO] ▶ Starting container [skill-install-m1-r3-1788064559] for installation #3 (Minute 1)...
[2026-08-29 22:36:04] [INFO] ✔ Installation #3 completed successfully in 4.69s (Container destroyed).
[2026-08-29 22:36:17] [INFO] 📊 [End of Minute 1/1] Minute Runs: 3 | Total Success: 3 | Total Failed: 0 | Total Elapsed: 0:01:00
[2026-08-29 22:36:17] [INFO] ======================================================================
[2026-08-29 22:36:17] [INFO] 🏁 Finalitzada l'execució d'instal·lacions del skill!
[2026-08-29 22:36:17] [INFO] Temps total: 0:01:00
[2026-08-29 22:36:17] [INFO] Planificades: 3 | Èxit: 3 | Fallades: 0
[2026-08-29 22:36:17] [INFO] ======================================================================
