[2026-08-29 22:13:29] [INFO] ======================================================================
[2026-08-29 22:13:29] [INFO] 🚀 AGORA Skill Docker Runner Starting
[2026-08-29 22:13:29] [INFO] Comanda: npx skills add https://github.com/2mes4/skills --skill agenticpool
[2026-08-29 22:13:29] [INFO] Durada: 1 minuts
[2026-08-29 22:13:29] [INFO] Imatge Docker: gaudi-sandbox:latest
[2026-08-29 22:13:29] [INFO] Fitxer de log: /Users/eric/Workspace/agora/scripts/run_30.log
[2026-08-29 22:13:29] [INFO] Estratègia: 1, 2 o 3 instal·lacions aleatòries per minut amb autodestrucció
[2026-08-29 22:13:29] [INFO] ======================================================================
[2026-08-29 22:13:29] [ERROR] El dimoni de Docker no està actiu! Si us plau, arrenca Docker.
[2026-08-29 22:43:47] [INFO] ======================================================================
[2026-08-29 22:43:47] [INFO] 🚀 AGORA Skill Docker Runner Starting
[2026-08-29 22:43:47] [INFO] Comanda: npx skills add https://github.com/2mes4/skills --skill agenticpool
[2026-08-29 22:43:47] [INFO] Durada: 1 minuts
[2026-08-29 22:43:47] [INFO] Imatge Docker: gaudi-sandbox:latest
[2026-08-29 22:43:47] [INFO] Fitxer de log: /Users/eric/Workspace/agora/scripts/run_30.log
[2026-08-29 22:43:47] [INFO] Estratègia: 1, 2 o 3 instal·lacions aleatòries per minut amb autodestrucció
[2026-08-29 22:43:47] [INFO] ======================================================================
[2026-08-29 22:43:47] [INFO] ⏳ [Minute 1/1] Planned installations: 2
[2026-08-29 22:43:56] [INFO] ▶ Starting container [skill-install-m1-r1-1788065036] for installation #1 (Minute 1)...
[2026-08-29 22:44:00] [INFO] ✔ Installation #1 completed successfully in 3.48s (Container destroyed).
[2026-08-29 22:44:26] [INFO] ▶ Starting container [skill-install-m1-r2-1788065066] for installation #2 (Minute 1)...
[2026-08-29 22:44:29] [INFO] ✔ Installation #2 completed successfully in 3.35s (Container destroyed).
[2026-08-29 22:44:47] [INFO] 📊 [End of Minute 1/1] Minute Runs: 2 | Total Success: 2 | Total Failed: 0 | Total Elapsed: 0:01:00
[2026-08-29 22:44:47] [INFO] ======================================================================
[2026-08-29 22:44:47] [INFO] 🏁 Finalitzada l'execució d'instal·lacions del skill!
[2026-08-29 22:44:47] [INFO] Temps total: 0:01:00
[2026-08-29 22:44:47] [INFO] Planificades: 2 | Èxit: 2 | Fallades: 0
[2026-08-29 22:44:47] [INFO] ======================================================================
