[2026-08-29 22:13:27] [INFO] ======================================================================
[2026-08-29 22:13:27] [INFO] 🚀 AGORA Skill Docker Runner Starting
[2026-08-29 22:13:27] [INFO] Comanda: npx skills add https://github.com/2mes4/skills --skill agenticpool
[2026-08-29 22:13:27] [INFO] Durada: 1 minuts
[2026-08-29 22:13:27] [INFO] Imatge Docker: gaudi-sandbox:latest
[2026-08-29 22:13:27] [INFO] Fitxer de log: /Users/eric/Workspace/agora/scripts/run_24.log
[2026-08-29 22:13:27] [INFO] Estratègia: 1, 2 o 3 instal·lacions aleatòries per minut amb autodestrucció
[2026-08-29 22:13:27] [INFO] ======================================================================
[2026-08-29 22:13:28] [ERROR] El dimoni de Docker no està actiu! Si us plau, arrenca Docker.
[2026-08-29 22:37:17] [INFO] ======================================================================
[2026-08-29 22:37:17] [INFO] 🚀 AGORA Skill Docker Runner Starting
[2026-08-29 22:37:17] [INFO] Comanda: npx skills add https://github.com/2mes4/skills --skill agenticpool
[2026-08-29 22:37:17] [INFO] Durada: 1 minuts
[2026-08-29 22:37:17] [INFO] Imatge Docker: gaudi-sandbox:latest
[2026-08-29 22:37:17] [INFO] Fitxer de log: /Users/eric/Workspace/agora/scripts/run_24.log
[2026-08-29 22:37:17] [INFO] Estratègia: 1, 2 o 3 instal·lacions aleatòries per minut amb autodestrucció
[2026-08-29 22:37:17] [INFO] ======================================================================
[2026-08-29 22:37:18] [INFO] ⏳ [Minute 1/1] Planned installations: 3
[2026-08-29 22:37:19] [INFO] ▶ Starting container [skill-install-m1-r1-1788064639] for installation #1 (Minute 1)...
[2026-08-29 22:37:23] [INFO] ✔ Installation #1 completed successfully in 4.34s (Container destroyed).
[2026-08-29 22:37:41] [INFO] ▶ Starting container [skill-install-m1-r2-1788064661] for installation #2 (Minute 1)...
[2026-08-29 22:37:45] [INFO] ✔ Installation #2 completed successfully in 4.22s (Container destroyed).
[2026-08-29 22:38:00] [INFO] ▶ Starting container [skill-install-m1-r3-1788064680] for installation #3 (Minute 1)...
[2026-08-29 22:38:08] [INFO] ✔ Installation #3 completed successfully in 7.67s (Container destroyed).
[2026-08-29 22:38:18] [INFO] 📊 [End of Minute 1/1] Minute Runs: 3 | Total Success: 3 | Total Failed: 0 | Total Elapsed: 0:01:00
[2026-08-29 22:38:18] [INFO] ======================================================================
[2026-08-29 22:38:18] [INFO] 🏁 Finalitzada l'execució d'instal·lacions del skill!
[2026-08-29 22:38:18] [INFO] Temps total: 0:01:00
[2026-08-29 22:38:18] [INFO] Planificades: 3 | Èxit: 3 | Fallades: 0
[2026-08-29 22:38:18] [INFO] ======================================================================
