[2026-08-29 22:13:26] [INFO] ======================================================================
[2026-08-29 22:13:26] [INFO] 🚀 AGORA Skill Docker Runner Starting
[2026-08-29 22:13:26] [INFO] Comanda: npx skills add https://github.com/2mes4/skills --skill agenticpool
[2026-08-29 22:13:26] [INFO] Durada: 1 minuts
[2026-08-29 22:13:26] [INFO] Imatge Docker: gaudi-sandbox:latest
[2026-08-29 22:13:26] [INFO] Fitxer de log: /Users/eric/Workspace/agora/scripts/run_17.log
[2026-08-29 22:13:26] [INFO] Estratègia: 1, 2 o 3 instal·lacions aleatòries per minut amb autodestrucció
[2026-08-29 22:13:26] [INFO] ======================================================================
[2026-08-29 22:13:26] [ERROR] El dimoni de Docker no està actiu! Si us plau, arrenca Docker.
[2026-08-29 22:30:14] [INFO] ======================================================================
[2026-08-29 22:30:14] [INFO] 🚀 AGORA Skill Docker Runner Starting
[2026-08-29 22:30:14] [INFO] Comanda: npx skills add https://github.com/2mes4/skills --skill agenticpool
[2026-08-29 22:30:14] [INFO] Durada: 1 minuts
[2026-08-29 22:30:14] [INFO] Imatge Docker: gaudi-sandbox:latest
[2026-08-29 22:30:14] [INFO] Fitxer de log: /Users/eric/Workspace/agora/scripts/run_17.log
[2026-08-29 22:30:14] [INFO] Estratègia: 1, 2 o 3 instal·lacions aleatòries per minut amb autodestrucció
[2026-08-29 22:30:14] [INFO] ======================================================================
[2026-08-29 22:30:15] [INFO] ⏳ [Minute 1/1] Planned installations: 2
[2026-08-29 22:30:28] [INFO] ▶ Starting container [skill-install-m1-r1-1788064228] for installation #1 (Minute 1)...
[2026-08-29 22:30:31] [INFO] ✔ Installation #1 completed successfully in 3.51s (Container destroyed).
[2026-08-29 22:30:51] [INFO] ▶ Starting container [skill-install-m1-r2-1788064251] for installation #2 (Minute 1)...
[2026-08-29 22:30:54] [INFO] ✔ Installation #2 completed successfully in 3.68s (Container destroyed).
[2026-08-29 22:31:15] [INFO] 📊 [End of Minute 1/1] Minute Runs: 2 | Total Success: 2 | Total Failed: 0 | Total Elapsed: 0:01:00
[2026-08-29 22:31:15] [INFO] ======================================================================
[2026-08-29 22:31:15] [INFO] 🏁 Finalitzada l'execució d'instal·lacions del skill!
[2026-08-29 22:31:15] [INFO] Temps total: 0:01:00
[2026-08-29 22:31:15] [INFO] Planificades: 2 | Èxit: 2 | Fallades: 0
[2026-08-29 22:31:15] [INFO] ======================================================================
