[2026-08-29 22:13:25] [INFO] ======================================================================
[2026-08-29 22:13:25] [INFO] 🚀 AGORA Skill Docker Runner Starting
[2026-08-29 22:13:25] [INFO] Comanda: npx skills add https://github.com/2mes4/skills --skill agenticpool
[2026-08-29 22:13:25] [INFO] Durada: 1 minuts
[2026-08-29 22:13:25] [INFO] Imatge Docker: gaudi-sandbox:latest
[2026-08-29 22:13:25] [INFO] Fitxer de log: /Users/eric/Workspace/agora/scripts/run_10.log
[2026-08-29 22:13:25] [INFO] Estratègia: 1, 2 o 3 instal·lacions aleatòries per minut amb autodestrucció
[2026-08-29 22:13:25] [INFO] ======================================================================
[2026-08-29 22:13:25] [ERROR] El dimoni de Docker no està actiu! Si us plau, arrenca Docker.
[2026-08-29 22:23:01] [INFO] ======================================================================
[2026-08-29 22:23:01] [INFO] 🚀 AGORA Skill Docker Runner Starting
[2026-08-29 22:23:01] [INFO] Comanda: npx skills add https://github.com/2mes4/skills --skill agenticpool
[2026-08-29 22:23:01] [INFO] Durada: 1 minuts
[2026-08-29 22:23:01] [INFO] Imatge Docker: gaudi-sandbox:latest
[2026-08-29 22:23:01] [INFO] Fitxer de log: /Users/eric/Workspace/agora/scripts/run_10.log
[2026-08-29 22:23:01] [INFO] Estratègia: 1, 2 o 3 instal·lacions aleatòries per minut amb autodestrucció
[2026-08-29 22:23:01] [INFO] ======================================================================
[2026-08-29 22:23:01] [INFO] ⏳ [Minute 1/1] Planned installations: 1
[2026-08-29 22:23:31] [INFO] ▶ Starting container [skill-install-m1-r1-1788063811] for installation #1 (Minute 1)...
[2026-08-29 22:23:36] [INFO] ✔ Installation #1 completed successfully in 4.21s (Container destroyed).
