[2026-08-29 22:13:26] [INFO] ======================================================================
[2026-08-29 22:13:26] [INFO] 🚀 AGORA Skill Docker Runner Starting
[2026-08-29 22:13:26] [INFO] Comanda: npx skills add https://github.com/2mes4/skills --skill agenticpool
[2026-08-29 22:13:26] [INFO] Durada: 1 minuts
[2026-08-29 22:13:26] [INFO] Imatge Docker: gaudi-sandbox:latest
[2026-08-29 22:13:26] [INFO] Fitxer de log: /Users/eric/Workspace/agora/scripts/run_13.log
[2026-08-29 22:13:26] [INFO] Estratègia: 1, 2 o 3 instal·lacions aleatòries per minut amb autodestrucció
[2026-08-29 22:13:26] [INFO] ======================================================================
[2026-08-29 22:13:26] [ERROR] El dimoni de Docker no està actiu! Si us plau, arrenca Docker.
[2026-08-29 22:26:13] [INFO] ======================================================================
[2026-08-29 22:26:13] [INFO] 🚀 AGORA Skill Docker Runner Starting
[2026-08-29 22:26:13] [INFO] Comanda: npx skills add https://github.com/2mes4/skills --skill agenticpool
[2026-08-29 22:26:13] [INFO] Durada: 1 minuts
[2026-08-29 22:26:13] [INFO] Imatge Docker: gaudi-sandbox:latest
[2026-08-29 22:26:13] [INFO] Fitxer de log: /Users/eric/Workspace/agora/scripts/run_13.log
[2026-08-29 22:26:13] [INFO] Estratègia: 1, 2 o 3 instal·lacions aleatòries per minut amb autodestrucció
[2026-08-29 22:26:13] [INFO] ======================================================================
[2026-08-29 22:26:13] [INFO] ⏳ [Minute 1/1] Planned installations: 3
[2026-08-29 22:26:15] [INFO] ▶ Starting container [skill-install-m1-r1-1788063975] for installation #1 (Minute 1)...
[2026-08-29 22:26:19] [INFO] ✔ Installation #1 completed successfully in 3.76s (Container destroyed).
[2026-08-29 22:26:34] [INFO] ▶ Starting container [skill-install-m1-r2-1788063994] for installation #2 (Minute 1)...
[2026-08-29 22:26:38] [INFO] ✔ Installation #2 completed successfully in 4.02s (Container destroyed).
[2026-08-29 22:26:58] [INFO] ▶ Starting container [skill-install-m1-r3-1788064018] for installation #3 (Minute 1)...
[2026-08-29 22:27:02] [INFO] ✔ Installation #3 completed successfully in 3.82s (Container destroyed).
[2026-08-29 22:27:13] [INFO] 📊 [End of Minute 1/1] Minute Runs: 3 | Total Success: 3 | Total Failed: 0 | Total Elapsed: 0:01:00
[2026-08-29 22:27:13] [INFO] ======================================================================
[2026-08-29 22:27:13] [INFO] 🏁 Finalitzada l'execució d'instal·lacions del skill!
[2026-08-29 22:27:13] [INFO] Temps total: 0:01:00
[2026-08-29 22:27:13] [INFO] Planificades: 3 | Èxit: 3 | Fallades: 0
[2026-08-29 22:27:13] [INFO] ======================================================================
